
                              D R I V E R  M E T R I C S                             
                                                                                     
                                                                                     
                                                                                     
Id number Occupation      First name      Last name       Number of bookings         
--------- --------------- --------------- --------------- ------------------         
        5 Driver          Bennie          Drake                            1         
        8 Driver          Brittney        Defond                           1         
        9 Driver          Loutitia        Hoffman                          1         
       23 Driver          Winne           Northeast                        1         
       31 Driver          Kelley          Izakson                          1         
       37 Driver          Trace           Schwerin                         1         
       66 Driver          Emmott          Diche                            1         
       68 Driver          Judon           De la croix                      1         
       90 Driver          Jenilee         Francescoccio                    1         
       99 Driver          Neile           Halfhead                         1         
      102 Driver          Griselda        Dupey                            1         
      104 Driver          Nalani          Gooday                           1         
      121 Driver          Toiboid         Bread                            2         
      125 Driver          Marshall        Britee                           1         
      130 Driver          Cora            Orange                           1         
      144 Driver          Kaine           Cahani                           1         
      145 Driver          Darsey          Di Claudio                       1         
      151 Driver          Michal          Thomtson                         1         
      156 Driver          Iolande         Inott                            1         
      169 Driver          Ranice          Taffurelli                       1         
      181 Driver          Elvira          Teasdale-Markie                  1         
      196 Driver          Fredia          Pideon                           1         
      197 Driver          Aile            Du Hamel                         1         
      204 Driver          Somerset        Scothorn                         1         
      214 Driver          Shea            Boldra                           1         
      231 Driver          Ezekiel         Ness                             1         
      241 Driver          See             Behninck                         1         
      249 Driver          Perren          Nicolson                         1         
      257 Driver          Terese          Quaif                            1         
      268 Driver          Jackie          Tolle                            1         
      275 Driver          Corilla         Shimon                           1         
      289 Driver          Palmer          Francois                         1         
      294 Driver          Jedidiah        Baudinelli                       1         
      308 Driver          Jeannie         Duplock                          1         
      323 Driver          Danielle        Parren                           1         
      327 Driver          Flint           Levins                           1         
      336 Driver          Cordell         Sopper                           1         
      344 Driver          Corbett         Duberry                          1         
      370 Driver          Thacher         Swynfen                          1         
      376 Driver          Nancie          Spykings                         1         
      382 Driver          Torre           Chaundy                          1         
      393 Driver          Carmita         Arnaldi                          1         
      396 Driver          Karlis          Jagielski                        1         
      400 Driver          Emelita         Stapels                          1         
      404 Driver          Meghan          Pinke                            1         
      407 Driver          Jacintha        Antoney                          1         
      413 Driver          Tallia          Elvin                            1         
      428 Driver          Hilly           Hauch                            1         
      439 Driver          Selie           Stetson                          1         
      440 Driver          Knox            Loxdale                          1         
      464 Driver          Vyky            De Matteis                       1         
      474 Driver          Alaster         Yann                             1         
      496 Driver          Kean            Sime                             1         
      501 Driver          Hyacinthia      Gunner                           1         
      502 Driver          Lorry           Morley                           1         
      503 Driver          Neila           Glencrash                        1         
      513 Driver          Tatum           Tefft                            1         
      518 Driver          Major           Whyteman                         2         
      536 Driver          Libby           Plose                            1         
      556 Driver          Clemente        Scoffins                         1         
      559 Driver          Britni          Ogborne                          1         
      586 Driver          Carter          Cockshoot                        1         
      590 Driver          Lorelei         Gollop                           1         
      596 Driver          Rudolf          Artharg                          1         
      597 Driver          Elna            Maris                            1         
      598 Driver          Jennilee        Fogel                            1         
      600 Driver          Peggie          Leuren                           1         
      604 Driver          Gerrie          McCrillis                        1         
      611 Driver          Garth           Cage                             1         
      614 Driver          Harley          Bailess                          1         
      615 Driver          Jinny           Eytel                            1         
      625 Driver          Artemas         Backshall                        2         
      627 Driver          Erinn           Benediktsson                     1         
      639 Driver          Deloria         MacDearmid                       1         
      641 Driver          Prudi           Harrington                       1         
      662 Driver          Gusty           Marrett                          1         
      673 Driver          Allys           Bamblett                         1         
      674 Driver          Shellie         Blaskett                         1         
      676 Driver          Vasily          Posten                           1         
      682 Driver          Blair           O'Connolly                       1         
      683 Driver          Jaquenetta      McEneny                          1         
      689 Driver          Rock            Udale                            1         
      690 Driver          Ethel           McWilliam                        1         
      692 Driver          Sallie          Latour                           1         
      701 Driver          Aeriel          Pringley                         1         
      705 Driver          Barris          Boutell                          1         
      725 Driver          Emmalyn         Diggar                           1         
      730 Driver          Hedy            Loffhead                         1         
      731 Driver          Elfrida         Winsom                           1         
      734 Driver          Otho            Yakebowitch                      1         
      745 Driver          Jacobo          Barrand                          1         
      755 Driver          Rheba           Pitherick                        1         
      770 Driver          Ilyssa          Rosell                           1         

                              D R I V E R  M E T R I C S                             
                                                                                     
                                                                                     
                                                                                     
Id number Occupation      First name      Last name       Number of bookings         
--------- --------------- --------------- --------------- ------------------         
      772 Driver          Benny           Teresi                           1         
      782 Driver          Holly           Boost                            1         
      785 Driver          Riane           Cardenosa                        1         
      796 Driver          Margarethe      Meegin                           3         
      802 Driver          Ilario          Richold                          1         
      813 Driver          Hatty           Luto                             1         
      816 Driver          Woodie          Honeyghan                        1         
      818 Driver          Kristy          Matveichev                       1         
      821 Driver          Lenora          Uzelli                           1         
      837 Driver          Pavel           Bradden                          1         
      846 Driver          Auroora         Sturch                           1         
      882 Driver          Michele         Halversen                        1         
      894 Driver          Melodee         Jesper                           1         
      903 Driver          Neils           Baumann                          1         
      920 Driver          Saw             Clerc                            1         
      925 Driver          Crin            Cordoba                          1         
      934 Driver          Kellen          Culpen                           1         
      947 Driver          Babara          Caldeyroux                       1         
      948 Driver          Sabina          Caldero                          1         
      952 Driver          Theobald        Lander                           1         
      967 Driver          Gabi            Cardo                            1         
      978 Driver          Yoko            Antic                            1         
      993 Driver          Richard         Semiraz                          1         
      997 Driver          Tyson           Beaumont                         1         

                              D R I V E R  M E T R I C S                             
                                                                                     
                                                                                     
                                                                                     
Id number Occupation      First name      Last name       Number of calls taken      
--------- --------------- --------------- --------------- ---------------------      
        1 Operator        Cass            Seath                              15      
        2 Operator        Luciano         Bowskill                           21      
        3 Operator        Philbert        Apdell                             12      
        4 Operator        Sile            Tesdale                            15      
        5 Operator        Kelwin          Felce                              17      
        6 Operator        Rutger          Philbrook                          14      
        7 Operator        Morten          Franchyonok                        14      
        8 Operator        Waylan          Chancellor                         14      
