
                         D A Y  M E T R I C S                         
                                                                      
                                                                      
                                                                      
Driver id First name      Last name       Number of bookings          
--------- --------------- --------------- ------------------          
        5 Bennie          Drake                            1          
        8 Brittney        Defond                           1          
        9 Loutitia        Hoffman                          1          
       23 Winne           Northeast                        1          
       31 Kelley          Izakson                          1          
       37 Trace           Schwerin                         1          
       66 Emmott          Diche                            1          
       68 Judon           De la croix                      1          
       90 Jenilee         Francescoccio                    1          
       99 Neile           Halfhead                         1          
      102 Griselda        Dupey                            1          
      104 Nalani          Gooday                           1          
      121 Toiboid         Bread                            2          
      125 Marshall        Britee                           1          
      130 Cora            Orange                           1          
      144 Kaine           Cahani                           1          
      145 Darsey          Di Claudio                       1          
      151 Michal          Thomtson                         1          
      156 Iolande         Inott                            1          
      169 Ranice          Taffurelli                       1          
      181 Elvira          Teasdale-Markie                  1          
      196 Fredia          Pideon                           1          
      197 Aile            Du Hamel                         1          
      204 Somerset        Scothorn                         1          
      214 Shea            Boldra                           1          
      231 Ezekiel         Ness                             1          
      241 See             Behninck                         1          
      249 Perren          Nicolson                         1          
      257 Terese          Quaif                            1          
      268 Jackie          Tolle                            1          
      275 Corilla         Shimon                           1          
      289 Palmer          Francois                         1          
      294 Jedidiah        Baudinelli                       1          
      308 Jeannie         Duplock                          1          
      323 Danielle        Parren                           1          
      327 Flint           Levins                           1          
      336 Cordell         Sopper                           1          
      344 Corbett         Duberry                          1          
      370 Thacher         Swynfen                          1          
      376 Nancie          Spykings                         1          
      382 Torre           Chaundy                          1          
      393 Carmita         Arnaldi                          1          
      396 Karlis          Jagielski                        1          
      400 Emelita         Stapels                          1          
      404 Meghan          Pinke                            1          
      407 Jacintha        Antoney                          1          
      413 Tallia          Elvin                            1          
      428 Hilly           Hauch                            1          
      439 Selie           Stetson                          1          
      440 Knox            Loxdale                          1          
      464 Vyky            De Matteis                       1          
      474 Alaster         Yann                             1          
      496 Kean            Sime                             1          
      501 Hyacinthia      Gunner                           1          
      502 Lorry           Morley                           1          
      503 Neila           Glencrash                        1          
      513 Tatum           Tefft                            1          
      518 Major           Whyteman                         2          
      536 Libby           Plose                            1          
      556 Clemente        Scoffins                         1          
      559 Britni          Ogborne                          1          
      586 Carter          Cockshoot                        1          
      590 Lorelei         Gollop                           1          
      596 Rudolf          Artharg                          1          
      597 Elna            Maris                            1          
      598 Jennilee        Fogel                            1          
      600 Peggie          Leuren                           1          
      604 Gerrie          McCrillis                        1          
      611 Garth           Cage                             1          
      614 Harley          Bailess                          1          
      615 Jinny           Eytel                            1          
      625 Artemas         Backshall                        2          
      627 Erinn           Benediktsson                     1          
      639 Deloria         MacDearmid                       1          
      641 Prudi           Harrington                       1          
      662 Gusty           Marrett                          1          
      673 Allys           Bamblett                         1          
      674 Shellie         Blaskett                         1          
      676 Vasily          Posten                           1          
      682 Blair           O'Connolly                       1          
      683 Jaquenetta      McEneny                          1          
      689 Rock            Udale                            1          
      690 Ethel           McWilliam                        1          
      692 Sallie          Latour                           1          
      701 Aeriel          Pringley                         1          
      705 Barris          Boutell                          1          
      725 Emmalyn         Diggar                           1          
      730 Hedy            Loffhead                         1          
      731 Elfrida         Winsom                           1          
      734 Otho            Yakebowitch                      1          
      745 Jacobo          Barrand                          1          
      755 Rheba           Pitherick                        1          
      770 Ilyssa          Rosell                           1          

                         D A Y  M E T R I C S                         
                                                                      
                                                                      
                                                                      
Driver id First name      Last name       Number of bookings          
--------- --------------- --------------- ------------------          
      772 Benny           Teresi                           1          
      782 Holly           Boost                            1          
      785 Riane           Cardenosa                        1          
      796 Margarethe      Meegin                           3          
      802 Ilario          Richold                          1          
      813 Hatty           Luto                             1          
      816 Woodie          Honeyghan                        1          
      818 Kristy          Matveichev                       1          
      821 Lenora          Uzelli                           1          
      837 Pavel           Bradden                          1          
      846 Auroora         Sturch                           1          
      882 Michele         Halversen                        1          
      894 Melodee         Jesper                           1          
      903 Neils           Baumann                          1          
      920 Saw             Clerc                            1          
      925 Crin            Cordoba                          1          
      934 Kellen          Culpen                           1          
      947 Babara          Caldeyroux                       1          
      948 Sabina          Caldero                          1          
      952 Theobald        Lander                           1          
      967 Gabi            Cardo                            1          
      978 Yoko            Antic                            1          
      993 Richard         Semiraz                          1          
      997 Tyson           Beaumont                         1          
