
                                 D A Y  M E T R I C S                                
                                                                                     
                                                                                     
                                                                                     
Id number Occupation      First name      Last name       Number of bookings         
--------- --------------- --------------- --------------- ------------------         
      125 Driver          Marshall        Britee                           1         
      137 Driver          Ronny           Gomez                            1         
      218 Driver          Cybil           Thaim                            1         
      543 Driver          Buddy           Patrickson                       1         
      547 Driver          Rossy           Ratie                            1         
      730 Driver          Hedy            Loffhead                         1         
      878 Driver          Issy            Nabbs                            1         

                                 D A Y  M E T R I C S                                
                                                                                     
                                                                                     
                                                                                     
Id number Occupation      First name      Last name       Number of calls taken      
--------- --------------- --------------- --------------- ---------------------      
        2 Operator        Luciano         Bowskill                            1      
        4 Operator        Sile            Tesdale                             1      
        5 Operator        Kelwin          Felce                               2      
        6 Operator        Rutger          Philbrook                           2      
        7 Operator        Morten          Franchyonok                         1      
