
                      C L I E N T  I N V O I C E                      
                                                                      
                                                                      
                                                                      
QMTaxico                                                   client_name
Mile End                                                              
London                                                                
Client id:                                                            
LOCATION_FROM                                                         
---------------------------------------------                         
LOCATION_TO                                         COST PAYMENT_ID   
--------------------------------------------- ---------- ----------   
5 Jenifer Pass                                                        
66 Hovde Avenue                                       47        570   
                                                                      
666 Little Fleur Alley                                                
12 Autumn Leaf Alley                                  33        742   
                                                                      
