
                                   C L I E N T  I N V O I C E                                  
                                                                                               
                                                                                               
                                                                                               
QMTaxico                                                                                       
Mile End                                                                                       
London                                                                                         
E1 4NS                                                                                         
United Kingdom                                                                                 
                                                                                               
                                                                                               
Invoice date: 09-Nov-2020                                                                      
                                                                                               
Client id:        500                                                                          
                                                                                               
Client name               Location travelled from   Location travelled to            Cost      
------------------------- ------------------------- ------------------------- -----------      
Payment ID                                                                                     
----------                                                                                     
Carrie Gaynes             7187 Ronald Regan Court   305 Merchant Avenue            143.00      
       486                                                                                     
                                                                                               
                          3044 Roth Avenue          43 Hermina Junction             66.00      
       932                                                                                     
                                                                                               
*************************                                                     -----------      
                                                                                               
                                                                                               
Total                                                                              209.00      
                                                                                               
                                                                                               
                                                                                               
                                                                                               
