
                                M A X  F A R E                                
                                                                              
                                                                              
                                                                              
Client ID      Cost                                                           
--------- ---------                                                           
      156    150.00                                                           
      558    150.00                                                           
       87    150.00                                                           
      388    150.00                                                           
      550    150.00                                                           
      303    150.00                                                           
       57    150.00                                                           
