
                                 B A L A N C E  S H E E T                                 
                                                                                          
                                                                                          
                                                                                          
Transaction Number     Amount Current Amount                                              
------------------ ---------- --------------                                              
Date and Time of Transaction                                                              
---------------------------------------------------------------------------               
Description                                                                               
---------------------------------------------                                             
                27         83         1354.4                                              
16-NOV-20 23.56.38.123000                                                                 
wages                                                                                     
                                                                                          
                45         31         2305.9                                              
26-NOV-20 22.35.47.123000                                                                 
wages                                                                                     
                                                                                          
                49         67         2615.8                                              
15-NOV-20 23.51.35.123000                                                                 
wages                                                                                     
                                                                                          
                57       -2.5         2971.6                                              
16-NOV-20 09.53.45.123000                                                                 
wages                                                                                     
                                                                                          
                67        135         3442.5                                              
30-NOV-20 23.52.23.123000                                                                 
wages                                                                                     
                                                                                          
                73       -8.6         3696.3                                              
30-NOV-20 23.40.42.123000                                                                 
wages                                                                                     
                                                                                          
               103        132         5296.9                                              
24-NOV-20 21.32.50.123000                                                                 
wages                                                                                     
                                                                                          
               111        145         5963.6                                              
17-NOV-20 23.45.46.123000                                                                 
wages                                                                                     
                                                                                          
               115        126         6168.7                                              
15-NOV-20 22.55.42.123000                                                                 
wages                                                                                     
                                                                                          
               173          1         8833.9                                              
26-NOV-20 23.58.56.123000                                                                 
wages                                                                                     
                                                                                          
               217        149        11132.9                                              
30-NOV-20 20.52.57.123000                                                                 
wages                                                                                     
                                                                                          
               225         69        11587.2                                              
24-NOV-20 22.55.54.123000                                                                 
wages                                                                                     
                                                                                          
               243       -6.9        12217.2                                              
20-NOV-20 23.35.48.123000                                                                 
wages                                                                                     
                                                                                          
               257         12        12883.6                                              
27-NOV-20 23.47.18.123000                                                                 
wages                                                                                     
                                                                                          
               279        150        13951.2                                              
11-NOV-20 23.32.41.123000                                                                 
wages                                                                                     
                                                                                          
               285         79        14192.1                                              
20-NOV-20 23.55.14.123000                                                                 
wages                                                                                     
                                                                                          
               289         23        14408.1                                              
30-NOV-20 21.15.32.123000                                                                 
wages                                                                                     
                                                                                          
               297        129        14849.1                                              

                                 B A L A N C E  S H E E T                                 
                                                                                          
                                                                                          
                                                                                          
Transaction Number     Amount Current Amount                                              
------------------ ---------- --------------                                              
Date and Time of Transaction                                                              
---------------------------------------------------------------------------               
Description                                                                               
---------------------------------------------                                             
12-NOV-20 23.34.44.123000                                                                 
wages                                                                                     
                                                                                          
               299       -5.8        14901.3                                              
30-NOV-20 23.30.31.123000                                                                 
wages                                                                                     
                                                                                          
               333         80        16264.5                                              
29-NOV-20 23.54.52.123000                                                                 
wages                                                                                     
                                                                                          
               343         36        16750.4                                              
16-NOV-20 20.56.56.123000                                                                 
wages                                                                                     
                                                                                          
               375      -10.5        18345.8                                              
21-NOV-20 23.50.32.123000                                                                 
wages                                                                                     
                                                                                          
               395        118        19541.1                                              
29-NOV-20 23.54.34.123000                                                                 
wages                                                                                     
                                                                                          
               409         81        20433.4                                              
28-NOV-20 23.47.43.123000                                                                 
wages                                                                                     
                                                                                          
               415        114        20795.4                                              
28-NOV-20 23.58.53.123000                                                                 
wages                                                                                     
                                                                                          
               421        132        21232.8                                              
30-NOV-20 22.45.44.123000                                                                 
wages                                                                                     
                                                                                          
               425         99          21374                                              
12-NOV-20 22.55.44.123000                                                                 
wages                                                                                     
                                                                                          
               427        130          21551                                              
30-NOV-20 21.35.13.123000                                                                 
wages                                                                                     
                                                                                          
               449         71        22818.2                                              
30-NOV-20 23.23.18.123000                                                                 
wages                                                                                     
                                                                                          
               451         75        22886.1                                              
30-NOV-20 23.59.57.123000                                                                 
wages                                                                                     
                                                                                          
               455        140          23042                                              
23-NOV-20 22.48.40.123000                                                                 
wages                                                                                     
                                                                                          
               457       -4.5        23082.5                                              
23-NOV-20 22.58.54.123000                                                                 
wages                                                                                     
                                                                                          
               461         83        23219.5                                              
12-NOV-20 23.18.59.123000                                                                 
wages                                                                                     
                                                                                          
               513       -4.4        25594.4                                              
30-NOV-20 23.55.46.123000                                                                 
wages                                                                                     
                                                                                          
               517         79        26073.4                                              
27-NOV-20 22.34.29.123000                                                                 

                                 B A L A N C E  S H E E T                                 
                                                                                          
                                                                                          
                                                                                          
Transaction Number     Amount Current Amount                                              
------------------ ---------- --------------                                              
Date and Time of Transaction                                                              
---------------------------------------------------------------------------               
Description                                                                               
---------------------------------------------                                             
wages                                                                                     
                                                                                          
               529       -1.9        26657.8                                              
24-NOV-20 23.50.54.123000                                                                 
                                                                                          
                                                                                          
               539      -13.3        27216.8                                              
30-NOV-20 22.59.14.123000                                                                 
                                                                                          
                                                                                          
               553         20        27831.4                                              
25-NOV-20 23.34.55.123000                                                                 
                                                                                          
                                                                                          
               571         12        28685.4                                              
23-NOV-20 22.39.51.123000                                                                 
                                                                                          
                                                                                          
               589         35        29431.9                                              
23-NOV-20 02.41.45.123000                                                                 
                                                                                          
                                                                                          
               599        137          29740                                              
30-NOV-20 23.53.47.123000                                                                 
                                                                                          
                                                                                          
               611       -1.8        30075.9                                              
23-NOV-20 23.50.19.123000                                                                 
                                                                                          
                                                                                          
               633         95        31157.5                                              
25-NOV-20 23.52.40.123000                                                                 
                                                                                          
                                                                                          
               645       -2.7          31563                                              
30-NOV-20 19.57.53.123000                                                                 
                                                                                          
                                                                                          
               671        139        32815.7                                              
30-NOV-20 20.49.53.123000                                                                 
                                                                                          
                                                                                          
               687         95        33459.1                                              
10-NOV-20 22.46.55.123000                                                                 
                                                                                          
                                                                                          
               693       -1.5        33652.6                                              
30-NOV-20 22.46.51.123000                                                                 
                                                                                          
                                                                                          
               715        117        34692.1                                              
13-NOV-20 22.32.52.123000                                                                 
                                                                                          
                                                                                          
               775      -14.3        37667.4                                              
30-NOV-20 23.50.59.123000                                                                 
                                                                                          
                                                                                          
               783        150        38049.9                                              
19-NOV-20 22.33.52.123000                                                                 
                                                                                          
                                                                                          
               837         69        40295.4                                              
30-NOV-20 22.53.57.123000                                                                 
                                                                                          
                                                                                          
               841         61        40376.5                                              
29-NOV-20 21.49.54.123000                                                                 
                                                                                          

                                 B A L A N C E  S H E E T                                 
                                                                                          
                                                                                          
                                                                                          
Transaction Number     Amount Current Amount                                              
------------------ ---------- --------------                                              
Date and Time of Transaction                                                              
---------------------------------------------------------------------------               
Description                                                                               
---------------------------------------------                                             
                                                                                          
               897        -11        42352.7                                              
24-NOV-20 21.41.15.123000                                                                 
                                                                                          
                                                                                          
               903         12        42661.8                                              
21-NOV-20 23.52.41.123000                                                                 
                                                                                          
                                                                                          
               915         88          43120                                              
30-NOV-20 22.55.41.123000                                                                 
                                                                                          
                                                                                          
               941         14        44683.2                                              
21-NOV-20 21.51.37.123000                                                                 
                                                                                          
                                                                                          
               985          2        46656.6                                              
23-NOV-20 22.23.49.123000                                                                 
                                                                                          
                                                                                          
               987        123        46914.6                                              
29-NOV-20 21.56.56.123000                                                                 
                                                                                          
                                                                                          
               997       -6.2        47216.9                                              
30-NOV-20 22.57.51.123000                                                                 
                                                                                          
                                                                                          
              1003         66        47611.4                                              
30-NOV-20 23.53.37.123000                                                                 
                                                                                          
                                                                                          
              1007         93        47797.7                                              
30-NOV-20 23.46.50.123000                                                                 
                                                                                          
                                                                                          
              1015         44        48435.7                                              
30-NOV-20 22.41.49.123000                                                                 
                                                                                          
                                                                                          
              1017         22        48453.3                                              
30-NOV-20 23.23.35.123000                                                                 
                                                                                          
                                                                                          
              1019        -.1        48454.2                                              
15-NOV-20 23.55.57.123000                                                                 
                                                                                          
                                                                                          
              1021       -7.5        48521.7                                              
30-NOV-20 22.54.51.123000                                                                 
                                                                                          
                                                                                          
              1027         13        48872.5                                              
30-NOV-20 23.15.48.123000                                                                 
                                                                                          
                                                                                          
              1039        108        49394.7                                              
19-NOV-20 22.41.16.123000                                                                 
                                                                                          
                                                                                          
              1117        105        53576.8                                              
15-NOV-20 23.32.38.123000                                                                 
                                                                                          
                                                                                          
              1121         85        53714.3                                              
26-NOV-20 23.56.52.123000                                                                 
                                                                                          
                                                                                          

                                 B A L A N C E  S H E E T                                 
                                                                                          
                                                                                          
                                                                                          
Transaction Number     Amount Current Amount                                              
------------------ ---------- --------------                                              
Date and Time of Transaction                                                              
---------------------------------------------------------------------------               
Description                                                                               
---------------------------------------------                                             
              1129         18        54200.1                                              
30-NOV-20 22.55.43.123000                                                                 
                                                                                          
                                                                                          
              1133         95        54472.3                                              
20-NOV-20 22.41.57.123000                                                                 
                                                                                          
                                                                                          
              1139       -6.7        54603.7                                              
30-NOV-20 09.32.51.123000                                                                 
                                                                                          
                                                                                          
              1141      -12.5        54716.2                                              
19-NOV-20 21.55.35.123000                                                                 
                                                                                          
                                                                                          
              1147        130        55194.3                                              
30-NOV-20 23.54.14.123000                                                                 
                                                                                          
                                                                                          
              1159         44        55549.6                                              
30-NOV-20 23.57.59.123000                                                                 
                                                                                          
                                                                                          
              1211         23        58150.4                                              
10-NOV-20 23.55.33.123000                                                                 
                                                                                          
                                                                                          
              1229         64        58962.9                                              
30-NOV-20 21.47.55.123000                                                                 
                                                                                          
                                                                                          
              1269        133        60853.1                                              
15-NOV-20 23.28.20.123000                                                                 
                                                                                          
                                                                                          
              1277       -9.6        61324.4                                              
27-NOV-20 23.34.41.123000                                                                 
                                                                                          
                                                                                          
              1315         90        63436.3                                              
30-NOV-20 23.59.50.123000                                                                 
                                                                                          
                                                                                          
              1317         38        63590.3                                              
30-NOV-20 23.59.12.123000                                                                 
                                                                                          
                                                                                          
              1327         97        64221.5                                              
30-NOV-20 22.54.32.123000                                                                 
                                                                                          
                                                                                          
              1337          9        64520.2                                              
30-NOV-20 23.58.54.123000                                                                 
                                                                                          
                                                                                          
              1345         55        64983.6                                              
27-NOV-20 18.46.53.123000                                                                 
                                                                                          
                                                                                          
              1351      -11.8        65212.5                                              
20-NOV-20 22.28.58.123000                                                                 
                                                                                          
                                                                                          
              1357         49        65666.4                                              
30-NOV-20 20.56.52.123000                                                                 
                                                                                          
                                                                                          
              1369         60        66030.3                                              

                                 B A L A N C E  S H E E T                                 
                                                                                          
                                                                                          
                                                                                          
Transaction Number     Amount Current Amount                                              
------------------ ---------- --------------                                              
Date and Time of Transaction                                                              
---------------------------------------------------------------------------               
Description                                                                               
---------------------------------------------                                             
30-NOV-20 23.16.29.123000                                                                 
                                                                                          
                                                                                          
              1383         87        66746.2                                              
30-NOV-20 23.51.46.123000                                                                 
                                                                                          
                                                                                          
              1387      -10.5          66885                                              
25-NOV-20 23.58.51.123000                                                                 
                                                                                          
                                                                                          
              1389        137          67130                                              
23-NOV-20 20.45.40.123000                                                                 
                                                                                          
                                                                                          
              1399      -14.3        67540.1                                              
13-NOV-20 22.52.31.123000                                                                 
                                                                                          
                                                                                          
              1401      -10.5        67634.6                                              
23-NOV-20 23.46.28.123000                                                                 
                                                                                          
                                                                                          
              1407       -1.3        67754.3                                              
28-NOV-20 23.18.48.123000                                                                 
                                                                                          
                                                                                          
              1411       -4.4        67804.7                                              
27-NOV-20 23.50.58.123000                                                                 
                                                                                          
                                                                                          
              1427      -14.7          68688                                              
15-NOV-20 23.35.50.123000                                                                 
                                                                                          
                                                                                          
              1429        144          68857                                              
30-NOV-20 23.58.50.123000                                                                 
                                                                                          
                                                                                          
              1433         45        68960.5                                              
21-NOV-20 22.57.44.123000                                                                 
                                                                                          
                                                                                          
              1447          1        69577.6                                              
30-NOV-20 23.45.55.123000                                                                 
                                                                                          
                                                                                          
              1485         28        71367.9                                              
30-NOV-20 23.54.24.123000                                                                 
                                                                                          
                                                                                          
              1487         15        71482.9                                              
30-NOV-20 23.31.57.123000                                                                 
                                                                                          
                                                                                          
              1499          7        71849.8                                              
29-NOV-20 23.51.59.123000                                                                 
                                                                                          
                                                                                          
              1511        135        72451.6                                              
17-NOV-20 23.45.32.123000                                                                 
                                                                                          
                                                                                          
              1519       -5.7        72772.1                                              
30-NOV-20 21.58.54.123000                                                                 
                                                                                          
                                                                                          
