
Wed Oct 28                                                           page    1
                          B E S T  E M P L O Y E E S

        ID Number of bookings dealt with                                      
---------- -----------------------------                                      
       796                             5                                      
       594                             4                                      
       903                             4                                      
       870                             4                                      
       674                             4                                      

Wed Oct 28                                                           page    1
                          B E S T  E M P L O Y E E S

        ID Number of bookings dealt with                                      
---------- -----------------------------                                      
         6                           138                                      
         5                           135                                      
         2                           134                                      
         3                           128                                      
         1                           120                                      
