
Mon Nov 09                                                           page    1
                                D R I V E R S

Name                      Start                     End                       
------------------------- ------------------------- ------------------------- 
Georges Akett             00:00                     08:00                     
Jacintha Antoney          00:00                     08:00                     
Leroy Apps                00:00                     08:00                     
Celka Aris                00:00                     08:00                     
Breena Arnhold            00:00                     08:00                     
Rudolf Artharg            00:00                     08:00                     
Noll Ashlin               00:00                     08:00                     
Adolphe Asif              00:00                     08:00                     
Adelaida Austick          00:00                     08:00                     
Winna Avon                00:00                     08:00                     
Artemas Backshall         00:00                     08:00                     
Jacobo Barrand            00:00                     08:00                     
Jedidiah Baudinelli       00:00                     08:00                     
Tyson Beaumont            00:00                     08:00                     
Archy Beckhouse           00:00                     08:00                     
Renee Bedminster          00:00                     08:00                     
Erika Beebee              00:00                     08:00                     
Mikael Behne              00:00                     08:00                     
See Behninck              00:00                     08:00                     
Stefania Bellwood         00:00                     08:00                     
Erinn Benediktsson        00:00                     08:00                     
Keith Benford             00:00                     08:00                     
Coop Bengough             00:00                     08:00                     
Norton Betje              00:00                     08:00                     
Angy Bidgod               00:00                     08:00                     
Helenelizabeth Biscomb    00:00                     08:00                     
Bayard Bloschke           00:00                     08:00                     
Major Blunsum             00:00                     08:00                     
Buddy Blyth               00:00                     08:00                     
Donni Boate               00:00                     08:00                     
Mata Bodham               00:00                     08:00                     
Riordan Bohman            00:00                     08:00                     
Shea Boldra               00:00                     08:00                     
Pattie Bole               00:00                     08:00                     
Holly Boost               00:00                     08:00                     
Jakie Boow                00:00                     08:00                     
Mathias Bourthoumieux     00:00                     08:00                     
Cherlyn Bramford          00:00                     08:00                     
Washington Braunds        00:00                     08:00                     
Trent Breckin             00:00                     08:00                     
Teodora Brecknell         00:00                     08:00                     
Olympia Bridewell         00:00                     08:00                     
Marshall Britee           00:00                     08:00                     
Pen Brocket               00:00                     08:00                     
Glenine Brotherick        00:00                     08:00                     
Linnea Brunsdon           00:00                     08:00                     
Shannan Bunny             00:00                     08:00                     
Earvin Burney             00:00                     08:00                     
Babara Caldeyroux         00:00                     08:00                     
Erminie Carhart           00:00                     08:00                     
Moina Cashman             00:00                     08:00                     
Mohandis Ccomini          00:00                     08:00                     
Torre Chaundy             00:00                     08:00                     
Mandel Childrens          00:00                     08:00                     
Hadley Chiplen            00:00                     08:00                     
Merna Choak               00:00                     08:00                     
Anthiathia Claisse        00:00                     08:00                     
Alica Cleiment            00:00                     08:00                     
Audi Clemenceau           00:00                     08:00                     
Saw Clerc                 00:00                     08:00                     
Wilone Collis             00:00                     08:00                     
Bambi Colmer              00:00                     08:00                     
Jyoti Coltart             00:00                     08:00                     
Coletta Condell           00:00                     08:00                     
Aundrea Corkitt           00:00                     08:00                     
Retha Costley             00:00                     08:00                     
Tracy Crackett            00:00                     08:00                     
Derrik Craigheid          00:00                     08:00                     
Mitchael Crickmoor        00:00                     08:00                     
Jillie Crofts             00:00                     08:00                     
Hal Crolly                00:00                     08:00                     
Kellen Culpen             00:00                     08:00                     
Ortensia Cutchie          00:00                     08:00                     
Vita Cuzen                00:00                     08:00                     
Rollin Cymper             00:00                     08:00                     
Betsy Daelman             00:00                     08:00                     
Garald Dan                00:00                     08:00                     
Datha Darthe              00:00                     08:00                     
Bond Dast                 00:00                     08:00                     
Saundra Davenport         00:00                     08:00                     
Port De Beneditti         00:00                     08:00                     
Vyky De Matteis           00:00                     08:00                     
Katherina Deplacido       00:00                     08:00                     
Donnie Dericot            00:00                     08:00                     
Juana Dinzey              00:00                     08:00                     
Leanna Ditchett           00:00                     08:00                     
Huntlee Dmitrichenko      00:00                     08:00                     
Nathanael Dobeson         00:00                     08:00                     
Lonee Domoney             00:00                     08:00                     
Suzann Donkersley         00:00                     08:00                     
Riki Dorking              00:00                     08:00                     
Leelah Drinkhall          00:00                     08:00                     
Cazzie Dudenie            00:00                     08:00                     
Zed Duerden               00:00                     08:00                     

Mon Nov 09                                                           page    2
                                D R I V E R S

Name                      Start                     End                       
------------------------- ------------------------- ------------------------- 
Marcile Dunlap            00:00                     08:00                     
Clare Dunnett             00:00                     08:00                     
Griselda Dupey            00:00                     08:00                     
Jeannie Duplock           00:00                     08:00                     
Di Dykins                 00:00                     08:00                     
Kahlil Eager              00:00                     08:00                     
Babara Eakens             00:00                     08:00                     
Maje Ellissen             00:00                     08:00                     
Leonidas Espasa           00:00                     08:00                     
Jinny Eytel               00:00                     08:00                     
Zebulen Falconer-Taylor   00:00                     08:00                     
Merla Fancutt             00:00                     08:00                     
Georgetta Farquar         00:00                     08:00                     
Lissie Farrance           00:00                     08:00                     
Lindy Ferrelli            00:00                     08:00                     
Melita Firman             00:00                     08:00                     
Drusi Fleming             00:00                     08:00                     
Jennilee Fogel            00:00                     08:00                     
Hobey Foyston             00:00                     08:00                     
Agna Franc                00:00                     08:00                     
Phedra Franchyonok        00:00                     08:00                     
Fleming Fraulo            00:00                     08:00                     
Carina Freda              00:00                     08:00                     
Alaric Freebury           00:00                     08:00                     
Prissie Gallimore         00:00                     08:00                     
Peyton Garter             00:00                     08:00                     
Alma Gatus                00:00                     08:00                     
Benoite Gaytor            00:00                     08:00                     
Kerr Genery               00:00                     08:00                     
Barn Gentric              00:00                     08:00                     
Urson Gilbeart            00:00                     08:00                     
Bennie Godding            00:00                     08:00                     
Art Gooley                00:00                     08:00                     
Roselin Gorriessen        00:00                     08:00                     
Emlen Gorry               00:00                     08:00                     
Webster Gossage           00:00                     08:00                     
Annis Greenrod            00:00                     08:00                     
Dimitry Grindley          00:00                     08:00                     
Nevins Guerola            00:00                     08:00                     
Gustavo Guerrieri         00:00                     08:00                     
Livy Gullyes              00:00                     08:00                     
Ardella Gulvin            00:00                     08:00                     
Ekaterina Hacker          00:00                     08:00                     
Brnaba Haith              00:00                     08:00                     
Lura Hanton               00:00                     08:00                     
Evey Harbert              00:00                     08:00                     
Consolata Harvison        00:00                     08:00                     
Celestyna Hayter          00:00                     08:00                     
Ode Helix                 00:00                     08:00                     
Bail Helmke               00:00                     08:00                     
Shermie Hilling           00:00                     08:00                     
Jodee Hirsch              00:00                     08:00                     
Woodie Honeyghan          00:00                     08:00                     
Dario Ind                 00:00                     08:00                     
Iolande Inott             00:00                     08:00                     
Avictor Jacqueme          00:00                     08:00                     
Lina Jarman               00:00                     08:00                     
Sisile Jeaycock           00:00                     08:00                     
Theda Jertz               00:00                     08:00                     
Aube Jewess               00:00                     08:00                     
Lonee Keesman             00:00                     08:00                     
Hurleigh Kennermann       00:00                     08:00                     
Courtney Kesten           00:00                     08:00                     
Margalo Khosa             00:00                     08:00                     
Madalyn Kings             00:00                     08:00                     
Janeen Kirton             00:00                     08:00                     
Lindy Kohnen              00:00                     08:00                     
Ileana Koomar             00:00                     08:00                     
Eve Kubin                 00:00                     08:00                     
Ania Kupper               00:00                     08:00                     
Theobald Lander           00:00                     08:00                     
Natalya Lansdale          00:00                     08:00                     
Josephine Larby           00:00                     08:00                     
Ginnie Leavry             00:00                     08:00                     
Nevil Lelievre            00:00                     08:00                     
Lombard Licas             00:00                     08:00                     
Merla Linwood             00:00                     08:00                     
Rebekkah List             00:00                     08:00                     
Stafford Lorey            00:00                     08:00                     
Cornela Luparto           00:00                     08:00                     
Hatty Luto                00:00                     08:00                     
Cos Lyburn                00:00                     08:00                     
Deloria MacDearmid        00:00                     08:00                     
Domeniga MacGillivrie     00:00                     08:00                     
Zolly Mallock             00:00                     08:00                     
Elie Mangeney             00:00                     08:00                     
Doralyn Marcu             00:00                     08:00                     
Carin Marran              00:00                     08:00                     
Gusty Marrett             00:00                     08:00                     
Holden Marsie             00:00                     08:00                     
Benn Marson               00:00                     08:00                     
Benny Matthewson          00:00                     08:00                     
Gerrie McCrillis          00:00                     08:00                     
Emmi McLukie              00:00                     08:00                     

Mon Nov 09                                                           page    3
                                D R I V E R S

Name                      Start                     End                       
------------------------- ------------------------- ------------------------- 
Darice McShane            00:00                     08:00                     
Holt Mergue               00:00                     08:00                     
Kris Mill                 00:00                     08:00                     
Clayson Millership        00:00                     08:00                     
Lock Mogey                00:00                     08:00                     
Heall Monday              00:00                     08:00                     
Lorry Morley              00:00                     08:00                     
Patrice Mumberson         00:00                     08:00                     
Benedikta Mundwell        00:00                     08:00                     
Jessy Murthwaite          00:00                     08:00                     
Amil Mycroft              00:00                     08:00                     
Alon Nanelli              00:00                     08:00                     
Ezekiel Ness              00:00                     08:00                     
Even Niblo                00:00                     08:00                     
Erena Nicolls             00:00                     08:00                     
Gustave Niland            00:00                     08:00                     
Kassi Norledge            00:00                     08:00                     
Blanch O'Loughane         00:00                     08:00                     
Ignatius O'Scollain       00:00                     08:00                     
Cora Orange               00:00                     08:00                     
Nevins Osbidston          00:00                     08:00                     
Kipp Osmar                00:00                     08:00                     
Bret Oxterby              00:00                     08:00                     
Adaline Pagett            00:00                     08:00                     
Fulvia Pasmore            00:00                     08:00                     
Jean Pavolini             00:00                     08:00                     
Joanie Peabody            00:00                     08:00                     
Zulema Penley             00:00                     08:00                     
Malinda Pethybridge       00:00                     08:00                     
Carlin Pettie             00:00                     08:00                     
Brittan Pietrusiak        00:00                     08:00                     
Sheelagh Pires            00:00                     08:00                     
Winnie Pischel            00:00                     08:00                     
Evaleen Placido           00:00                     08:00                     
Libby Plose               00:00                     08:00                     
Lark Prestland            00:00                     08:00                     
Aeriel Pringley           00:00                     08:00                     
Dill Quelch               00:00                     08:00                     
Amalee Quinnelly          00:00                     08:00                     
Tania Quinton             00:00                     08:00                     
Tab Rappa                 00:00                     08:00                     
Nadya Raycroft            00:00                     08:00                     
Mead Redington            00:00                     08:00                     
Melva Remmer              00:00                     08:00                     
Lise Rentelll             00:00                     08:00                     
Idelle Reuven             00:00                     08:00                     
Andres Revely             00:00                     08:00                     
Bartholomew Ridoutt       00:00                     08:00                     
Chelsey Rieger            00:00                     08:00                     
Chere Rivelon             00:00                     08:00                     
Giuditta Roden            00:00                     08:00                     
Wilhelmine Rodolf         00:00                     08:00                     
Ralina Roglieri           00:00                     08:00                     
Kaylee Roose              00:00                     08:00                     
Ilyssa Rosell             00:00                     08:00                     
Boycie Rudgley            00:00                     08:00                     
Tersina Rudsdale          00:00                     08:00                     
Sibel Ruegg               00:00                     08:00                     
Zelda Sagrott             00:00                     08:00                     
Robenia Saville           00:00                     08:00                     
Micky Scatchar            00:00                     08:00                     
Rafaelita Schiementz      00:00                     08:00                     
Clemente Scoffins         00:00                     08:00                     
Somerset Scothorn         00:00                     08:00                     
Veronica Selman           00:00                     08:00                     
Lexy Sertin               00:00                     08:00                     
Sidney Setterington       00:00                     08:00                     
Luca Sheere               00:00                     08:00                     
Cristobal Siflet          00:00                     08:00                     
Kean Sime                 00:00                     08:00                     
Marian Simkovitz          00:00                     08:00                     
Tish Simons               00:00                     08:00                     
Priscella Sinclaire       00:00                     08:00                     
Broderick Skypp           00:00                     08:00                     
Marylynne Slay            00:00                     08:00                     
Micky Smithin             00:00                     08:00                     
Kelly Snook               00:00                     08:00                     
Caron Sones               00:00                     08:00                     
Eddie Spilsted            00:00                     08:00                     
Junina Sprigging          00:00                     08:00                     
Emelita Stapels           00:00                     08:00                     
Selie Stetson             00:00                     08:00                     
Reggie Stiant             00:00                     08:00                     
Denni Stoltz              00:00                     08:00                     
Wanda Sture               00:00                     08:00                     
Catlee Sutherland         00:00                     08:00                     
Jerome Swales             00:00                     08:00                     
Thacher Swynfen           00:00                     08:00                     
Ranice Taffurelli         00:00                     08:00                     
Tatum Tefft               00:00                     08:00                     
Cybil Thaim               00:00                     08:00                     
Dyan Theodoris            00:00                     08:00                     
Candide Thing             00:00                     08:00                     
Vasily Thompstone         00:00                     08:00                     

Mon Nov 09                                                           page    4
                                D R I V E R S

Name                      Start                     End                       
------------------------- ------------------------- ------------------------- 
Lonnie Tilt               00:00                     08:00                     
Jackie Tolle              00:00                     08:00                     
Yolande Tombleson         00:00                     08:00                     
Padraig Tothe             00:00                     08:00                     
Archibaldo Tourmell       00:00                     08:00                     
Derward Trainor           00:00                     08:00                     
Myron Tregidgo            00:00                     08:00                     
Dmitri Treherne           00:00                     08:00                     
Jarid Tunnoch             00:00                     08:00                     
Corina Turbill            00:00                     08:00                     
Lyn Uc                    00:00                     08:00                     
Rock Udale                00:00                     08:00                     
Archibald Uphill          00:00                     08:00                     
Calv Weddup               00:00                     08:00                     
Joby Wells                00:00                     08:00                     
Tallie Wetheril           00:00                     08:00                     
Major Whyteman            00:00                     08:00                     
Minny Wilprecht           00:00                     08:00                     
Lane Witcomb              00:00                     08:00                     
Bourke Witherbed          00:00                     08:00                     
Bil Witty                 00:00                     08:00                     
Else Woofenden            00:00                     08:00                     
Veriee Wyss               00:00                     08:00                     
Zebedee Yerill            00:00                     08:00                     
Eachelle Yewdall          00:00                     08:00                     
Giustino Yglesia          00:00                     08:00                     
Caressa Zucker            00:00                     08:00                     
Ginger Abrahamsohn        08:00                     16:00                     
Debbie Ackhurst           08:00                     16:00                     
Alexander Aimable         08:00                     16:00                     
Nicoline Alsina           08:00                     16:00                     
Alyssa Andreasson         08:00                     16:00                     
Yoko Antic                08:00                     16:00                     
Marlane Antic             08:00                     16:00                     
Carmita Arnaldi           08:00                     16:00                     
Jamal Atcock              08:00                     16:00                     
Worth Audibert            08:00                     16:00                     
Shaine Auguste            08:00                     16:00                     
Ethelda Baddoe            08:00                     16:00                     
Gerladina Bagnal          08:00                     16:00                     
Allys Bamblett            08:00                     16:00                     
Olivette Banks            08:00                     16:00                     
Kira Barrowclough         08:00                     16:00                     
Cesare Barthelmes         08:00                     16:00                     
Kim Bassford              08:00                     16:00                     
Letty Baysting            08:00                     16:00                     
Linette Beauvais          08:00                     16:00                     
Linea Beldum              08:00                     16:00                     
Zaccaria Belfelt          08:00                     16:00                     
Leanora Bellson           08:00                     16:00                     
Timotheus Bente           08:00                     16:00                     
Thekla Bernardotti        08:00                     16:00                     
Vladamir Berntssen        08:00                     16:00                     
Sheela Bevington          08:00                     16:00                     
Jo Bibby                  08:00                     16:00                     
Tibold Bidnall            08:00                     16:00                     
Dari Birdfield            08:00                     16:00                     
Audy Birk                 08:00                     16:00                     
Adlai Blackstock          08:00                     16:00                     
Alice Blankenship         08:00                     16:00                     
Fanya Boanas              08:00                     16:00                     
Maureen Borgnol           08:00                     16:00                     
Barris Boutell            08:00                     16:00                     
Flor Braidley             08:00                     16:00                     
Noreen Bramich            08:00                     16:00                     
Irma Bramsen              08:00                     16:00                     
Juanita Brayshaw          08:00                     16:00                     
Toiboid Bread             08:00                     16:00                     
Deidre Broadberry         08:00                     16:00                     
Simon Brockwell           08:00                     16:00                     
Sib Brombell              08:00                     16:00                     
Bobine Broomhead          08:00                     16:00                     
Nicolais Brown            08:00                     16:00                     
Nettie Bruckman           08:00                     16:00                     
Nicky Budgen              08:00                     16:00                     
Aguistin Burden           08:00                     16:00                     
Will Busse                08:00                     16:00                     
Curran Butterwick         08:00                     16:00                     
Dennet Cabena             08:00                     16:00                     
Amii Caesman              08:00                     16:00                     
Joyous Cafferky           08:00                     16:00                     
Garth Cage                08:00                     16:00                     
Curcio Candy              08:00                     16:00                     
Riane Cardenosa           08:00                     16:00                     
Ekaterina Casarino        08:00                     16:00                     
Zackariah Caulcott        08:00                     16:00                     
Hervey Cawt               08:00                     16:00                     
Shoshana Christoffersen   08:00                     16:00                     
Farrand Clark             08:00                     16:00                     
Drona Claughton           08:00                     16:00                     
Moll Clausius             08:00                     16:00                     
Tades Clemits             08:00                     16:00                     
Bertie Clouter            08:00                     16:00                     
Cymbre Cobbledick         08:00                     16:00                     

Mon Nov 09                                                           page    5
                                D R I V E R S

Name                      Start                     End                       
------------------------- ------------------------- ------------------------- 
Scot Cocci                08:00                     16:00                     
Carter Cockshoot          08:00                     16:00                     
Leora Cod                 08:00                     16:00                     
Taffy Cookley             08:00                     16:00                     
Crin Cordoba              08:00                     16:00                     
Emma Cote                 08:00                     16:00                     
Jaime Covington           08:00                     16:00                     
Lulu Coxall               08:00                     16:00                     
Adelice Crayk             08:00                     16:00                     
Sonia Crigin              08:00                     16:00                     
Krystle Critten           08:00                     16:00                     
Erina Cuesta              08:00                     16:00                     
Urban Cushe               08:00                     16:00                     
Rog Cypler                08:00                     16:00                     
Eva Da Costa              08:00                     16:00                     
Ralph Darlow              08:00                     16:00                     
Cammy Davidovits          08:00                     16:00                     
Brittney Defond           08:00                     16:00                     
Tabor Derycot             08:00                     16:00                     
Rudolf Desaur             08:00                     16:00                     
Nananne Deverson          08:00                     16:00                     
Darsey Di Claudio         08:00                     16:00                     
Emmalyn Diggar            08:00                     16:00                     
Binky Dimelow             08:00                     16:00                     
Eldredge Domerq           08:00                     16:00                     
Gavra Donner              08:00                     16:00                     
Talyah Doog               08:00                     16:00                     
Franklyn Doorey           08:00                     16:00                     
Marion Dorr               08:00                     16:00                     
Ossie Dowey               08:00                     16:00                     
Magdalena Dowry           08:00                     16:00                     
Jacquie Drain             08:00                     16:00                     
Early Dundin              08:00                     16:00                     
Alanson Easterby          08:00                     16:00                     
Magdaia Ebbins            08:00                     16:00                     
Forster Elcock            08:00                     16:00                     
Olivia Ellerman           08:00                     16:00                     
Kirsti Ellsom             08:00                     16:00                     
Sonya Face                08:00                     16:00                     
Andy Files                08:00                     16:00                     
Charin Fletcher           08:00                     16:00                     
Brodie Foort              08:00                     16:00                     
Cyrillus Fort             08:00                     16:00                     
Aldus Fossick             08:00                     16:00                     
Fedora Foulsham           08:00                     16:00                     
Nevins Frisel             08:00                     16:00                     
Alison Frusher            08:00                     16:00                     
Janie Gaitley             08:00                     16:00                     
Levon Garwell             08:00                     16:00                     
Kerrin Gaskarth           08:00                     16:00                     
Fidole Glennon            08:00                     16:00                     
Lorelei Gollop            08:00                     16:00                     
Doy Goly                  08:00                     16:00                     
Meredith Gon              08:00                     16:00                     
Nalani Gooday             08:00                     16:00                     
Egor Goves                08:00                     16:00                     
Dona Grattage             08:00                     16:00                     
Betteanne Greed           08:00                     16:00                     
Anny Grigore              08:00                     16:00                     
Hyacinthia Gunner         08:00                     16:00                     
Winifield Gymblett        08:00                     16:00                     
Clerc Hafner              08:00                     16:00                     
Neile Halfhead            08:00                     16:00                     
Violette Hanratty         08:00                     16:00                     
Trenna Hares              08:00                     16:00                     
Prudi Harrington          08:00                     16:00                     
Gabbi Hartford            08:00                     16:00                     
Codi Hasluck              08:00                     16:00                     
Nikos Haverty             08:00                     16:00                     
Rowen Hayland             08:00                     16:00                     
Brodie Headingham         08:00                     16:00                     
Joelie Herrema            08:00                     16:00                     
Cayla Hobell              08:00                     16:00                     
Bernie Hosier             08:00                     16:00                     
Dulcia Hubberstey         08:00                     16:00                     
Randee Hulmes             08:00                     16:00                     
Olivia Imms               08:00                     16:00                     
Decca Inmett              08:00                     16:00                     
Hally Ivanuschka          08:00                     16:00                     
Kelley Izakson            08:00                     16:00                     
Karlis Jagielski          08:00                     16:00                     
Johnathan Janauschek      08:00                     16:00                     
Xaviera Jayes             08:00                     16:00                     
Dulcie Jopling            08:00                     16:00                     
Wendel Jordon             08:00                     16:00                     
Merline Joselevitch       08:00                     16:00                     
Karen Keepe               08:00                     16:00                     
Stephine Kenningley       08:00                     16:00                     
Benetta Kevlin            08:00                     16:00                     
Duke Kinningley           08:00                     16:00                     
Louie Klaggeman           08:00                     16:00                     
Damara Klasing            08:00                     16:00                     
Theresina Klishin         08:00                     16:00                     
Wye Knightsbridge         08:00                     16:00                     

Mon Nov 09                                                           page    6
                                D R I V E R S

Name                      Start                     End                       
------------------------- ------------------------- ------------------------- 
Rolph Kopacek             08:00                     16:00                     
Moshe Kose                08:00                     16:00                     
Desirae Krikorian         08:00                     16:00                     
Abra Krysztowczyk         08:00                     16:00                     
Loree Lankford            08:00                     16:00                     
Pierre Laroux             08:00                     16:00                     
Waldo Larrington          08:00                     16:00                     
Olivia Lennie             08:00                     16:00                     
Joell Lidington           08:00                     16:00                     
Abigael Linger            08:00                     16:00                     
Ursola Lowell             08:00                     16:00                     
Knox Loxdale              08:00                     16:00                     
Godfree Lukehurst         08:00                     16:00                     
Whittaker MacCartan       08:00                     16:00                     
Bethany MacCrosson        08:00                     16:00                     
Norry MacGragh            08:00                     16:00                     
Charles MacKimm           08:00                     16:00                     
Georgia MacKintosh        08:00                     16:00                     
Torrance MacPhaden        08:00                     16:00                     
Mariya Maliphant          08:00                     16:00                     
Loree Manz                08:00                     16:00                     
Donal Marshland           08:00                     16:00                     
Minne Martill             08:00                     16:00                     
Byram Massingberd         08:00                     16:00                     
Jamaal Matschke           08:00                     16:00                     
Amalee Mayho              08:00                     16:00                     
Dayle McBeth              08:00                     16:00                     
Tamiko McCrorie           08:00                     16:00                     
Jaquenetta McEneny        08:00                     16:00                     
Gerladina McGilroy        08:00                     16:00                     
Ursula McHarry            08:00                     16:00                     
Rosemaria McJerrow        08:00                     16:00                     
Margarethe Meegin         08:00                     16:00                     
Abramo Meese              08:00                     16:00                     
Grantham Menis            08:00                     16:00                     
Elaina Messruther         08:00                     16:00                     
Hallie Misken             08:00                     16:00                     
Melodee Mompesson         08:00                     16:00                     
Winnah Muddimer           08:00                     16:00                     
Loralyn Murch             08:00                     16:00                     
Olva Murdy                08:00                     16:00                     
Sherwin Mussard           08:00                     16:00                     
Issy Nabbs                08:00                     16:00                     
Eduardo Nairne            08:00                     16:00                     
Felice Newlove            08:00                     16:00                     
Jobi Nias                 08:00                     16:00                     
Morgana Niven             08:00                     16:00                     
Violante Nono             08:00                     16:00                     
Carmelina Northall        08:00                     16:00                     
Blair O'Connolly          08:00                     16:00                     
Zena O'Halleghane         08:00                     16:00                     
Nicolette Ocheltree       08:00                     16:00                     
Britni Ogborne            08:00                     16:00                     
Delilah Olivet            08:00                     16:00                     
Elle Ollarenshaw          08:00                     16:00                     
Sawyer Oxherd             08:00                     16:00                     
Tana Oyley                08:00                     16:00                     
Danielle Parren           08:00                     16:00                     
Myrtie Patey              08:00                     16:00                     
Klarrisa Paye             08:00                     16:00                     
Carver Pender             08:00                     16:00                     
Sayer Penhaleurack        08:00                     16:00                     
Jameson Perford           08:00                     16:00                     
Donia Pering              08:00                     16:00                     
Noella Persse             08:00                     16:00                     
Lawton Petersen           08:00                     16:00                     
Grover Petrelli           08:00                     16:00                     
Lanie Petrovic            08:00                     16:00                     
Abramo Phipson            08:00                     16:00                     
Cherin Piatkow            08:00                     16:00                     
Gerianne Pidcock          08:00                     16:00                     
Fredia Pideon             08:00                     16:00                     
Carlyn Pietrzyk           08:00                     16:00                     
Rheba Pitherick           08:00                     16:00                     
Elia Polglase             08:00                     16:00                     
Timothee Pooke            08:00                     16:00                     
Ruben Portail             08:00                     16:00                     
Vasily Posten             08:00                     16:00                     
Bevvy Prin                08:00                     16:00                     
Skipp Puddan              08:00                     16:00                     
Alexis Pudge              08:00                     16:00                     
Terese Quaif              08:00                     16:00                     
Kacy Queyeiro             08:00                     16:00                     
Zedekiah Quilty           08:00                     16:00                     
Elinor Rachuig            08:00                     16:00                     
Becca Rain                08:00                     16:00                     
Angelo Rankling           08:00                     16:00                     
Ainsley Rapo              08:00                     16:00                     
Amelie Rea                08:00                     16:00                     
Dani Readhead             08:00                     16:00                     
Calla Reape               08:00                     16:00                     
Fan Rentalll              08:00                     16:00                     
Clarice Ricca             08:00                     16:00                     
Kerry Richel              08:00                     16:00                     

Mon Nov 09                                                           page    7
                                D R I V E R S

Name                      Start                     End                       
------------------------- ------------------------- ------------------------- 
Monti Riglesford          08:00                     16:00                     
Maurizio Robottom         08:00                     16:00                     
Margareta Rodmell         08:00                     16:00                     
Corrianne Roglieri        08:00                     16:00                     
Marigold Rosewarne        08:00                     16:00                     
Jenda Runnalls            08:00                     16:00                     
Shandra Savoury           08:00                     16:00                     
Cassandry Scamadine       08:00                     16:00                     
Alison Schroeder          08:00                     16:00                     
Trace Schwerin            08:00                     16:00                     
Oliver Sclanders          08:00                     16:00                     
Milton Scotchford         08:00                     16:00                     
Eada Seawell              08:00                     16:00                     
Ivor Segge                08:00                     16:00                     
Martguerita Sein          08:00                     16:00                     
Emlen Selbie              08:00                     16:00                     
Misha Sellek              08:00                     16:00                     
Richard Semiraz           08:00                     16:00                     
Nels Serman               08:00                     16:00                     
Hobart Shackesby          08:00                     16:00                     
Minor Sheardown           08:00                     16:00                     
Clive Shelbourne          08:00                     16:00                     
Alleen Shelvey            08:00                     16:00                     
Cherice Sherwood          08:00                     16:00                     
Corilla Shimon            08:00                     16:00                     
Ellary Silversmid         08:00                     16:00                     
Waite Simister            08:00                     16:00                     
Dirk Siney                08:00                     16:00                     
Ileana Sinnock            08:00                     16:00                     
Gawain Sloat              08:00                     16:00                     
Orazio Sloley             08:00                     16:00                     
Cordell Sopper            08:00                     16:00                     
Artemis Spare             08:00                     16:00                     
Iago Spragge              08:00                     16:00                     
Dasya Spuffard            08:00                     16:00                     
Karolina Squire           08:00                     16:00                     
Simona Standring          08:00                     16:00                     
Abagail Staner            08:00                     16:00                     
Hamish Stedell            08:00                     16:00                     
Avril Sterman             08:00                     16:00                     
Silvana Straffon          08:00                     16:00                     
Orelia Studders           08:00                     16:00                     
Sully Suttill             08:00                     16:00                     
Channa Swinfen            08:00                     16:00                     
Alli Tapner               08:00                     16:00                     
Hally Tchir               08:00                     16:00                     
Elvira Teasdale-Markie    08:00                     16:00                     
Rochell Tees              08:00                     16:00                     
Erhard Tenaunt            08:00                     16:00                     
Benny Teresi              08:00                     16:00                     
Michal Thomtson           08:00                     16:00                     
Norrie Tott               08:00                     16:00                     
Lotti Tremeer             08:00                     16:00                     
Kim Trenoweth             08:00                     16:00                     
Jolene Trimnell           08:00                     16:00                     
Bianka Trusty             08:00                     16:00                     
Arleen Tumulty            08:00                     16:00                     
Vivian Tunnicliff         08:00                     16:00                     
Tallie Turn               08:00                     16:00                     
Benny Udie                08:00                     16:00                     
Selle Undrell             08:00                     16:00                     
Lenora Uzelli             08:00                     16:00                     
Blake Varden              08:00                     16:00                     
Alisha Varsey             08:00                     16:00                     
Dayna Vise                08:00                     16:00                     
Josephina Waldron         08:00                     16:00                     
Gran Warbrick             08:00                     16:00                     
Lorne Wauchope            08:00                     16:00                     
Kaleb Weatherdon          08:00                     16:00                     
Weidar Wenn               08:00                     16:00                     
Elfrida Winsom            08:00                     16:00                     
Lee Witson                08:00                     16:00                     
Gwendolen Wohler          08:00                     16:00                     
Allis Wolfer              08:00                     16:00                     
Hermy Wollrauch           08:00                     16:00                     
Saba Worthington          08:00                     16:00                     
Windham Wyleman           08:00                     16:00                     
Sal Yanin                 08:00                     16:00                     
Alaster Yann              08:00                     16:00                     
Brittne Yearnsley         08:00                     16:00                     
Rose Yosifov              08:00                     16:00                     
Gavan Yosselevitch        08:00                     16:00                     
Oswald Abrehart           16:00                     24:00                     
Cristabel Addey           16:00                     24:00                     
Dillie Aldrick            16:00                     24:00                     
Brigham Aleksashin        16:00                     24:00                     
Lauri Alexsandrovich      16:00                     24:00                     
Tomasine Alliston         16:00                     24:00                     
Gwendolyn Allman          16:00                     24:00                     
Emiline Allner            16:00                     24:00                     
Correy Alner              16:00                     24:00                     
Ulises Angrave            16:00                     24:00                     
Marlo Antoszczyk          16:00                     24:00                     
Saunderson Ashfold        16:00                     24:00                     

Mon Nov 09                                                           page    8
                                D R I V E R S

Name                      Start                     End                       
------------------------- ------------------------- ------------------------- 
Meg Atwell                16:00                     24:00                     
Libbey Auguste            16:00                     24:00                     
Cecelia Backman           16:00                     24:00                     
Alick Baggallay           16:00                     24:00                     
Harley Bailess            16:00                     24:00                     
Carolyn Bailles           16:00                     24:00                     
Sallyann Balch            16:00                     24:00                     
Janetta Balog             16:00                     24:00                     
Joshia Bartles            16:00                     24:00                     
Nonah Bassingden          16:00                     24:00                     
Toiboid Bastiman          16:00                     24:00                     
Neils Baumann             16:00                     24:00                     
Jewelle Baverstock        16:00                     24:00                     
Tony Beeston              16:00                     24:00                     
Barth Bellhouse           16:00                     24:00                     
Bogey Berling             16:00                     24:00                     
Obediah Bernette          16:00                     24:00                     
Pauline Beuscher          16:00                     24:00                     
Brendin Biddulph          16:00                     24:00                     
Nichole Blackall          16:00                     24:00                     
Sandy Blann               16:00                     24:00                     
Shellie Blaskett          16:00                     24:00                     
Karin Blazey              16:00                     24:00                     
Arte Bletsoe              16:00                     24:00                     
Alexa Blizard             16:00                     24:00                     
Nollie Blomefield         16:00                     24:00                     
Arther Bonnett            16:00                     24:00                     
Alvy Boyet                16:00                     24:00                     
Barri Boyfield            16:00                     24:00                     
Pavel Bradden             16:00                     24:00                     
Lory Brandes              16:00                     24:00                     
Jenny Briatt              16:00                     24:00                     
Gabbey Broadwell          16:00                     24:00                     
Corabel Bruck             16:00                     24:00                     
Desi Bucktrout            16:00                     24:00                     
Merrielle Burchfield      16:00                     24:00                     
Bink Burnhill             16:00                     24:00                     
Kaine Cahani              16:00                     24:00                     
Sabina Caldero            16:00                     24:00                     
Latia Canadas             16:00                     24:00                     
Inigo Carbine             16:00                     24:00                     
Gabi Cardo                16:00                     24:00                     
Fred Cayser               16:00                     24:00                     
Paige Chastey             16:00                     24:00                     
Marlo Cheake              16:00                     24:00                     
Malissia Chessell         16:00                     24:00                     
Mable Chezier             16:00                     24:00                     
Joseph Chugg              16:00                     24:00                     
Roxane Ciccarello         16:00                     24:00                     
Ethel Claris              16:00                     24:00                     
Olivie Coarser            16:00                     24:00                     
Booth Cotte               16:00                     24:00                     
Chiquia Creggan           16:00                     24:00                     
Hagen D'Costa             16:00                     24:00                     
Chris Daelman             16:00                     24:00                     
Anatola Danielot          16:00                     24:00                     
Jerrie Dawks              16:00                     24:00                     
Edlin Daws                16:00                     24:00                     
Judon De la croix         16:00                     24:00                     
Imogene Demicoli          16:00                     24:00                     
Gayel Devericks           16:00                     24:00                     
Emmott Diche              16:00                     24:00                     
Victor Dicken             16:00                     24:00                     
Hiram Doodson             16:00                     24:00                     
Kellby Dossetter          16:00                     24:00                     
Merlina Dower             16:00                     24:00                     
Bennie Drake              16:00                     24:00                     
Vere Drummer              16:00                     24:00                     
Aile Du Hamel             16:00                     24:00                     
Corbett Duberry           16:00                     24:00                     
Marleah Duffan            16:00                     24:00                     
Valma Duly                16:00                     24:00                     
Flo Dummer                16:00                     24:00                     
Ruperto Dunhill           16:00                     24:00                     
Timofei Dunning           16:00                     24:00                     
Smith Dunnion             16:00                     24:00                     
Sidoney Dutnell           16:00                     24:00                     
Helenelizabeth Dwyer      16:00                     24:00                     
Gottfried Dyment          16:00                     24:00                     
Lilla Dyshart             16:00                     24:00                     
Webster Dyter             16:00                     24:00                     
Ebony East                16:00                     24:00                     
Gretna Eastby             16:00                     24:00                     
Sacha Ellar               16:00                     24:00                     
Tallia Elvin              16:00                     24:00                     
Patric Englefield         16:00                     24:00                     
Ketty Facchini            16:00                     24:00                     
Anthe Fairchild           16:00                     24:00                     
Abbi Fairnie              16:00                     24:00                     
Marlowe Farny             16:00                     24:00                     
Teodora Feak              16:00                     24:00                     
Vidovic Ferriman          16:00                     24:00                     
Consuelo Fishbie          16:00                     24:00                     
Minny Flory               16:00                     24:00                     

Mon Nov 09                                                           page    9
                                D R I V E R S

Name                      Start                     End                       
------------------------- ------------------------- ------------------------- 
Geri Fomichkin            16:00                     24:00                     
Parrnell Foucher          16:00                     24:00                     
Jenilee Francescoccio     16:00                     24:00                     
Blondy Francescuzzi       16:00                     24:00                     
Palmer Francois           16:00                     24:00                     
Allix Funcheon            16:00                     24:00                     
Ezmeralda Garvin          16:00                     24:00                     
Daven Geffinger           16:00                     24:00                     
Andriette Gerardeaux      16:00                     24:00                     
Georgie Gideon            16:00                     24:00                     
Allissa Gillinghams       16:00                     24:00                     
Borg Giorgio              16:00                     24:00                     
Sutherlan Glacken         16:00                     24:00                     
Neila Glencrash           16:00                     24:00                     
Ira Gobourn               16:00                     24:00                     
Aline Godber              16:00                     24:00                     
Celestine Goddard         16:00                     24:00                     
Bartholomeo Godon         16:00                     24:00                     
Goldina Gollop            16:00                     24:00                     
Ronny Gomez               16:00                     24:00                     
Gabriello Gookey          16:00                     24:00                     
Taryn Grabban             16:00                     24:00                     
Sandro Granger            16:00                     24:00                     
Gery Greaser              16:00                     24:00                     
Ruy Grimsley              16:00                     24:00                     
Lois Grissett             16:00                     24:00                     
Ursala Gruby              16:00                     24:00                     
Marion Grunwald           16:00                     24:00                     
Vanya Gude                16:00                     24:00                     
Tracy Hackworthy          16:00                     24:00                     
Mischa Hadgraft           16:00                     24:00                     
Brady Hainey`             16:00                     24:00                     
Mahmud Hairs              16:00                     24:00                     
Michele Halversen         16:00                     24:00                     
Walsh Hanburry            16:00                     24:00                     
Kelcie Handaside          16:00                     24:00                     
Odelle Harcus             16:00                     24:00                     
Stanwood Hartshorne       16:00                     24:00                     
Diann Harwin              16:00                     24:00                     
Jamison Haseldine         16:00                     24:00                     
Hilly Hauch               16:00                     24:00                     
Bobbee Hawkyens           16:00                     24:00                     
Barbi Hawthorne           16:00                     24:00                     
Alexandros Hazard         16:00                     24:00                     
Darsey Hazelby            16:00                     24:00                     
Bette-ann Hearne          16:00                     24:00                     
Vinny Heffer              16:00                     24:00                     
Wilma Hefferan            16:00                     24:00                     
Zola Heller               16:00                     24:00                     
Godfry Hembery            16:00                     24:00                     
Raynard Hiscoke           16:00                     24:00                     
Janel Hlavac              16:00                     24:00                     
Loutitia Hoffman          16:00                     24:00                     
Noel Huddles              16:00                     24:00                     
Mac Hustings              16:00                     24:00                     
Chrissy Ipwell            16:00                     24:00                     
Geoff Ivakin              16:00                     24:00                     
Rory Jarrette             16:00                     24:00                     
Anabel Jeannot            16:00                     24:00                     
Tyrus Jeffreys            16:00                     24:00                     
Cointon Jenkin            16:00                     24:00                     
Woody Jenno               16:00                     24:00                     
Em Jentle                 16:00                     24:00                     
Melodee Jesper            16:00                     24:00                     
Georgie Joisce            16:00                     24:00                     
Brenden Joriot            16:00                     24:00                     
Cyndy Kelcey              16:00                     24:00                     
Arnaldo Kennagh           16:00                     24:00                     
Sigismondo Kennea         16:00                     24:00                     
Brynna Keyzor             16:00                     24:00                     
Korie Khristoforov        16:00                     24:00                     
Sidney Killingbeck        16:00                     24:00                     
Misty Kingscote           16:00                     24:00                     
Nani Kliche               16:00                     24:00                     
Orel Kniveton             16:00                     24:00                     
Anselm Kroon              16:00                     24:00                     
Adriaens Kyttor           16:00                     24:00                     
Tim Laker                 16:00                     24:00                     
Karisa Lambertini         16:00                     24:00                     
Sallie Latour             16:00                     24:00                     
Cherey Laydon             16:00                     24:00                     
Hobart Le Fevre           16:00                     24:00                     
Julee Le Friec            16:00                     24:00                     
Don Lestrange             16:00                     24:00                     
Peggie Leuren             16:00                     24:00                     
Flint Levins              16:00                     24:00                     
Chet Licari               16:00                     24:00                     
Conney Liger              16:00                     24:00                     
Henri Lillicrop           16:00                     24:00                     
Reggie Limmer             16:00                     24:00                     
Kasper Linskey            16:00                     24:00                     
Hedy Loffhead             16:00                     24:00                     
Sloan Losano              16:00                     24:00                     
Sigfrid Loweth            16:00                     24:00                     

Mon Nov 09                                                           page   10
                                D R I V E R S

Name                      Start                     End                       
------------------------- ------------------------- ------------------------- 
Daryl Lowton              16:00                     24:00                     
Robinetta Lutas           16:00                     24:00                     
Rodrigo MacCracken        16:00                     24:00                     
Ursa MacDunlevy           16:00                     24:00                     
Leesa MacGray             16:00                     24:00                     
Kass MacKay               16:00                     24:00                     
Lothaire MacMaykin        16:00                     24:00                     
Janeen Mackie             16:00                     24:00                     
Melisande Maplesden       16:00                     24:00                     
Rubi Marcroft             16:00                     24:00                     
Gilbertina Marcussen      16:00                     24:00                     
Angelika Marguerite       16:00                     24:00                     
Elna Maris                16:00                     24:00                     
Hetti Mark                16:00                     24:00                     
Veda Markel               16:00                     24:00                     
Sande Martine             16:00                     24:00                     
Dolph Mathevet            16:00                     24:00                     
Kristy Matveichev         16:00                     24:00                     
Waverley Maving           16:00                     24:00                     
Jourdan McDool            16:00                     24:00                     
Carolann McFaell          16:00                     24:00                     
Sari McManamen            16:00                     24:00                     
Legra McNeilly            16:00                     24:00                     
Ethel McWilliam           16:00                     24:00                     
Carmine Meale             16:00                     24:00                     
Tiffani Medforth          16:00                     24:00                     
Chip Melvin               16:00                     24:00                     
Say Midghall              16:00                     24:00                     
Mattheus Mills            16:00                     24:00                     
Brade Munnis              16:00                     24:00                     
Kasey Myrick              16:00                     24:00                     
Aron Nesbit               16:00                     24:00                     
Perren Nicolson           16:00                     24:00                     
Carlene Nobbs             16:00                     24:00                     
Geri Normandale           16:00                     24:00                     
Winne Northeast           16:00                     24:00                     
Glennie Nowakowski        16:00                     24:00                     
Josefina O' Mara          16:00                     24:00                     
Marice O'Reilly           16:00                     24:00                     
Tony Olcot                16:00                     24:00                     
Gustav Olek               16:00                     24:00                     
Koren Olivey              16:00                     24:00                     
Jacinda Ovill             16:00                     24:00                     
Helena Oxton              16:00                     24:00                     
Yorgo Palfery             16:00                     24:00                     
Buddy Patrickson          16:00                     24:00                     
Cordula Paulusch          16:00                     24:00                     
Lawton Pendell            16:00                     24:00                     
Gisele Pennycook          16:00                     24:00                     
Eryn Pescud               16:00                     24:00                     
Orsola Petronis           16:00                     24:00                     
Marion Pien               16:00                     24:00                     
Lainey Pindred            16:00                     24:00                     
Meghan Pinke              16:00                     24:00                     
Amil Pippin               16:00                     24:00                     
Jarad Pitford             16:00                     24:00                     
Tobey Pitway              16:00                     24:00                     
Domini Plant              16:00                     24:00                     
Erv Playfair              16:00                     24:00                     
Sandi Powelee             16:00                     24:00                     
Coreen Preene             16:00                     24:00                     
Cosetta Probert           16:00                     24:00                     
Titus Quene               16:00                     24:00                     
Harmon Quiddinton         16:00                     24:00                     
Siusan Quilter            16:00                     24:00                     
Henrik Quinevan           16:00                     24:00                     
Maurizia Quiney           16:00                     24:00                     
Daffy Ramelot             16:00                     24:00                     
Evy Ransom                16:00                     24:00                     
Berny Rapi                16:00                     24:00                     
Rossy Ratie               16:00                     24:00                     
Darda Rawsen              16:00                     24:00                     
Jehanna Rawson            16:00                     24:00                     
Barrett Reeks             16:00                     24:00                     
Thorstein Remnant         16:00                     24:00                     
Riane Rewbottom           16:00                     24:00                     
Mina Reyne                16:00                     24:00                     
Ilario Richold            16:00                     24:00                     
Lorna Ritter              16:00                     24:00                     
Gunar Rivard              16:00                     24:00                     
Homere Robardey           16:00                     24:00                     
Marcelo Rockey            16:00                     24:00                     
Nanice Roget              16:00                     24:00                     
Walsh Rousby              16:00                     24:00                     
Aili Rubbert              16:00                     24:00                     
Taddeo Rushbrooke         16:00                     24:00                     
Cosette Rushbury          16:00                     24:00                     
Elia Sargison             16:00                     24:00                     
Quintus Schmidt           16:00                     24:00                     
Jaclyn Schroder           16:00                     24:00                     
Anson Screech             16:00                     24:00                     
Salem Seeler              16:00                     24:00                     
Freeman Sessions          16:00                     24:00                     
Fernande Setchell         16:00                     24:00                     

Mon Nov 09                                                           page   11
                                D R I V E R S

Name                      Start                     End                       
------------------------- ------------------------- ------------------------- 
Ardyce Shee               16:00                     24:00                     
Lilla Shelly              16:00                     24:00                     
Eden Shelp                16:00                     24:00                     
Salmon Sherar             16:00                     24:00                     
Korella Shortt            16:00                     24:00                     
Christian Shwenn          16:00                     24:00                     
Michele Sidey             16:00                     24:00                     
Issi Skelding             16:00                     24:00                     
Vitia Skilton             16:00                     24:00                     
Rab Spurrior              16:00                     24:00                     
Nancie Spykings           16:00                     24:00                     
Genvieve Stanlake         16:00                     24:00                     
Jeffrey Stein             16:00                     24:00                     
Michele Stollenbecker     16:00                     24:00                     
Finn Stovold              16:00                     24:00                     
Paquito Stroder           16:00                     24:00                     
Bessie Strognell          16:00                     24:00                     
Kaylil Strong             16:00                     24:00                     
Auroora Sturch            16:00                     24:00                     
Ogden Suddaby             16:00                     24:00                     
Effie Symones             16:00                     24:00                     
Ulick Syrie               16:00                     24:00                     
Callida Targetter         16:00                     24:00                     
Rafaela Temple            16:00                     24:00                     
Traci Thody               16:00                     24:00                     
Waring Ties               16:00                     24:00                     
Abba Tomlins              16:00                     24:00                     
Roze Tonepohl             16:00                     24:00                     
Karilynn Tournie          16:00                     24:00                     
Caye Treneer              16:00                     24:00                     
Candi Trussell            16:00                     24:00                     
Erasmus Tuckie            16:00                     24:00                     
Blakelee Tutt             16:00                     24:00                     
Tamarah Tyhurst           16:00                     24:00                     
Temple Uman               16:00                     24:00                     
Lamond Ummfrey            16:00                     24:00                     
Toddy Urling              16:00                     24:00                     
Erna Vaadeland            16:00                     24:00                     
Malinda Varga             16:00                     24:00                     
Randall Vasilyonok        16:00                     24:00                     
Melita Veillard           16:00                     24:00                     
Faye Vivash               16:00                     24:00                     
Dorene Volante            16:00                     24:00                     
Cindie Vondracek          16:00                     24:00                     
Phylis Wakerley           16:00                     24:00                     
Krystalle Wentworth       16:00                     24:00                     
Janice Whanstall          16:00                     24:00                     
Renate Whistan            16:00                     24:00                     
Korney Wightman           16:00                     24:00                     
Gris Will                 16:00                     24:00                     
Giraud Williamson         16:00                     24:00                     
Ashlen Wilne              16:00                     24:00                     
Nikolaus Wiltshaw         16:00                     24:00                     
Kingsly Winsiowiecki      16:00                     24:00                     
Flin Witcher              16:00                     24:00                     
Janis Woolston            16:00                     24:00                     
Scott Wray                16:00                     24:00                     
Otho Yakebowitch          16:00                     24:00                     
Mindy Yakobovicz          16:00                     24:00                     
Alastair Zavattero        16:00                     24:00                     

Mon Nov 09                                                           page    1
                              O P E R A T O R S

Name                      Start                     End                       
------------------------- ------------------------- ------------------------- 
Philbert Apdell           00:00                     08:00                     
Waylan Chancellor         00:00                     08:00                     
Kelwin Felce              00:00                     08:00                     
Sile Tesdale              00:00                     08:00                     
Luciano Bowskill          08:00                     16:00                     
Morten Franchyonok        08:00                     16:00                     
Rutger Philbrook          08:00                     16:00                     
Cass Seath                16:00                     24:00                     
